******************************************************************************
                  MSP430 Linker PC v4.4.5                      
******************************************************************************
>> Linked Fri Apr 08 23:42:13 2016

OUTPUT FILE NAME:   <Accelerometer_Lab.out>
ENTRY POINT SYMBOL: "_c_int00_noargs_noexit"  address: 0000c8da


MEMORY CONFIGURATION

         name            origin    length      used     unused   attr    fill
----------------------  --------  ---------  --------  --------  ----  --------
  SFR                   00000000   00000010  00000000  00000010  RWIX
  PERIPHERALS_8BIT      00000010   000000f0  00000000  000000f0  RWIX
  PERIPHERALS_16BIT     00000100   00000100  00000000  00000100  RWIX
  RAM                   00000200   00000200  000000ab  00000155  RWIX
  INFOD                 00001000   00000040  00000000  00000040  RWIX
  INFOC                 00001040   00000040  00000000  00000040  RWIX
  INFOB                 00001080   00000040  00000000  00000040  RWIX
  INFOA                 000010c0   00000040  00000000  00000040  RWIX
  FLASH                 0000c000   00003fde  00000a24  000035ba  RWIX
  BSLSIGNATURE          0000ffde   00000002  00000002  00000000  RWIX  ffff 
  INT00                 0000ffe0   00000002  00000002  00000000  RWIX
  INT01                 0000ffe2   00000002  00000000  00000002  RWIX
  INT02                 0000ffe4   00000002  00000002  00000000  RWIX
  INT03                 0000ffe6   00000002  00000002  00000000  RWIX
  INT04                 0000ffe8   00000002  00000000  00000002  RWIX
  INT05                 0000ffea   00000002  00000002  00000000  RWIX
  INT06                 0000ffec   00000002  00000002  00000000  RWIX
  INT07                 0000ffee   00000002  00000002  00000000  RWIX
  INT08                 0000fff0   00000002  00000002  00000000  RWIX
  INT09                 0000fff2   00000002  00000002  00000000  RWIX
  INT10                 0000fff4   00000002  00000002  00000000  RWIX
  INT11                 0000fff6   00000002  00000002  00000000  RWIX
  INT12                 0000fff8   00000002  00000002  00000000  RWIX
  INT13                 0000fffa   00000002  00000002  00000000  RWIX
  INT14                 0000fffc   00000002  00000002  00000000  RWIX
  RESET                 0000fffe   00000002  00000002  00000000  RWIX


SECTION ALLOCATION MAP

 output                                  attributes/
section   page    origin      length       input sections
--------  ----  ----------  ----------   ----------------
.bss       0    00000200    0000005b     UNINITIALIZED
                  00000200    00000030     (.common:buffer)
                  00000230    00000008     (.common:gPushButton)
                  00000238    00000006     (.common:averages)
                  0000023e    00000006     (.common:bufferTotal)
                  00000244    00000006     (.common:origin)
                  0000024a    00000004     (.common:phi)
                  0000024e    00000004     (.common:theta)
                  00000252    00000001     (.common:bufferCount)
                  00000253    00000001     (.common:g1msTimeout)
                  00000254    00000001     (.common:g1msTimer)
                  00000255    00000001     (.common:high)
                  00000256    00000001     (.common:highThreshold)
                  00000257    00000001     (.common:low)
                  00000258    00000001     (.common:lowThreshold)
                  00000259    00000001     (.common:mid)
                  0000025a    00000001     (.common:midThreshold)

.stack     0    000003b0    00000050     UNINITIALIZED
                  000003b0    00000002     rts430_eabi.lib : boot.obj (.stack)
                  000003b2    0000004e     --HOLE--

.text      0    0000c000    000009da     
                  0000c000    000001dc     timerA.obj (.text:UpdateLEDs)
                  0000c1dc    000001ac     CORDIC.obj (.text:Cordic)
                  0000c388    0000018c     main.obj (.text:main)
                  0000c514    000000b6     debounce.obj (.text:Debouncer)
                  0000c5ca    000000b0     ADC.obj (.text:ReadSample)
                  0000c67a    0000006a     ADC.obj (.text:InitializeBuffer)
                  0000c6e4    0000005a     timerA.obj (.text:ManageSoftwareTimers)
                  0000c73e    00000058     rts430_eabi.lib : autoinit.obj (.text:_auto_init)
                  0000c796    0000004c                     : lsr16.obj (.text)
                  0000c7e2    0000004a     timerA.obj (.text:ConfigureTimerA)
                  0000c82c    0000003e     rts430_eabi.lib : asr32.obj (.text:l_asr_const)
                  0000c86a    00000034     SPI.obj (.text:SPISendByte)
                  0000c89e    00000022     timerA.obj (.text:TimerA0_routine)
                  0000c8c0    0000001a     SPI.obj (.text:ConfigureSPIPins)
                  0000c8da    0000001a     rts430_eabi.lib : boot_special.obj (.text:_c_int00_noargs_noexit)
                  0000c8f4    00000016     LEDdisplay.obj (.text:ConfigureLEDDisplayPins)
                  0000c90a    00000016     debounce.obj (.text:InitializeSwitch)
                  0000c920    00000014     ADC.obj (.text:ConfigureADC)
                  0000c934    00000014     rts430_eabi.lib : copy_zero_init.obj (.text:decompress:ZI:__TI_zero_init)
                  0000c948    00000014                     : memset.obj (.text:memset)
                  0000c95c    00000014                     : mult16.obj (.text)
                  0000c970    00000012     ADC.obj (.text:ConfigureADCDataTransfer)
                  0000c982    00000010     rts430_eabi.lib : asr32.obj (.text:l_asr)
                  0000c992    00000010                     : epilog.obj (.text)
                  0000c9a2    0000000e     main.obj (.text:ConfigureClockModule)
                  0000c9b0    0000000e     LEDdisplay.obj (.text:DisplayLED)
                  0000c9be    0000000e     pushbutton.obj (.text:InitializePushButtonPortPin)
                  0000c9cc    00000006     rts430_eabi.lib : isr_trap.obj (.text:_isr:__TI_ISR_TRAP)
                  0000c9d2    00000004                     : pre_init.obj (.text:_system_pre_init)
                  0000c9d6    00000004                     : exit.obj (.text:abort)

.const     0    0000c9da    00000040     
                  0000c9da    00000040     CORDIC.obj (.const:cordic_ctab_degrees)

.cinit     0    0000ca1a    0000000a     
                  0000ca1a    00000004     (.cinit..bss.load) [load image, compression = zero_init]
                  0000ca1e    00000002     (__TI_handler_table)
                  0000ca20    00000004     (__TI_cinit_table)

.init_array 
*          0    0000c000    00000000     UNINITIALIZED

TRAPINT    0    0000ffe0    00000002     
                  0000ffe0    00000002     rts430_eabi.lib : int00.obj (.int00)

$fill000   0    0000ffde    00000002     
                  0000ffde    00000002     --HOLE-- [fill = ffff]

PORT1      0    0000ffe4    00000002     
                  0000ffe4    00000002     rts430_eabi.lib : int02.obj (.int02)

PORT2      0    0000ffe6    00000002     
                  0000ffe6    00000002     rts430_eabi.lib : int03.obj (.int03)

ADC10      0    0000ffea    00000002     
                  0000ffea    00000002     rts430_eabi.lib : int05.obj (.int05)

USCIAB0TX 
*          0    0000ffec    00000002     
                  0000ffec    00000002     rts430_eabi.lib : int06.obj (.int06)

USCIAB0RX 
*          0    0000ffee    00000002     
                  0000ffee    00000002     rts430_eabi.lib : int07.obj (.int07)

TIMER0_A1 
*          0    0000fff0    00000002     
                  0000fff0    00000002     rts430_eabi.lib : int08.obj (.int08)

TIMER0_A0 
*          0    0000fff2    00000002     
                  0000fff2    00000002     timerA.obj (.int09)

WDT        0    0000fff4    00000002     
                  0000fff4    00000002     rts430_eabi.lib : int10.obj (.int10)

COMPARATORA 
*          0    0000fff6    00000002     
                  0000fff6    00000002     rts430_eabi.lib : int11.obj (.int11)

TIMER1_A1 
*          0    0000fff8    00000002     
                  0000fff8    00000002     rts430_eabi.lib : int12.obj (.int12)

TIMER1_A0 
*          0    0000fffa    00000002     
                  0000fffa    00000002     rts430_eabi.lib : int13.obj (.int13)

NMI        0    0000fffc    00000002     
                  0000fffc    00000002     rts430_eabi.lib : int14.obj (.int14)

.reset     0    0000fffe    00000002     
                  0000fffe    00000002     rts430_eabi.lib : boot.obj (.reset)


LINKER GENERATED COPY TABLES

__TI_cinit_table @ 0000ca20 records: 1, size/record: 4, table size: 4
	.bss: load addr=0000ca1a, load size=00000004 bytes, run addr=00000200, run size=0000005b bytes, compression=zero_init


LINKER GENERATED HANDLER TABLE

__TI_handler_table @ 0000ca1e records: 1, size/record: 2, table size: 2
	index: 0, handler: __TI_zero_init


GLOBAL SYMBOLS: SORTED ALPHABETICALLY BY Name 

address   name                       
-------   ----                       
0000004a  ADC10AE0                   
000001b0  ADC10CTL0                  
000001b2  ADC10CTL1                  
00000048  ADC10DTC0                  
00000049  ADC10DTC1                  
000001b4  ADC10MEM                   
000001bc  ADC10SA                    
00000057  BCSCTL1                    
00000058  BCSCTL2                    
00000053  BCSCTL3                    
0000c9d6  C$$EXIT                    
00000059  CACTL1                     
0000005a  CACTL2                     
000010fb  CALBC1_12MHZ               
000010f9  CALBC1_16MHZ               
000010ff  CALBC1_1MHZ                
000010fd  CALBC1_8MHZ                
000010fa  CALDCO_12MHZ               
000010f8  CALDCO_16MHZ               
000010fe  CALDCO_1MHZ                
000010fc  CALDCO_8MHZ                
0000005b  CAPD                       
0000c920  ConfigureADC               
0000c970  ConfigureADCDataTransfer   
0000c9a2  ConfigureClockModule       
0000c8f4  ConfigureLEDDisplayPins    
0000c8c0  ConfigureSPIPins           
0000c7e2  ConfigureTimerA            
0000c1dc  Cordic                     
00000056  DCOCTL                     
0000c514  Debouncer                  
0000c9b0  DisplayLED                 
00000128  FCTL1                      
0000012a  FCTL2                      
0000012c  FCTL3                      
00000000  IE1                        
00000001  IE2                        
00000002  IFG1                       
00000003  IFG2                       
0000c67a  InitializeBuffer           
0000c9be  InitializePushButtonPortPin
0000c90a  InitializeSwitch           
0000c6e4  ManageSoftwareTimers       
00000022  P1DIR                      
00000025  P1IE                       
00000024  P1IES                      
00000023  P1IFG                      
00000020  P1IN                       
00000021  P1OUT                      
00000027  P1REN                      
00000026  P1SEL                      
00000041  P1SEL2                     
0000002a  P2DIR                      
0000002d  P2IE                       
0000002c  P2IES                      
0000002b  P2IFG                      
00000028  P2IN                       
00000029  P2OUT                      
0000002f  P2REN                      
0000002e  P2SEL                      
00000042  P2SEL2                     
0000001a  P3DIR                      
00000018  P3IN                       
00000019  P3OUT                      
00000010  P3REN                      
0000001b  P3SEL                      
00000043  P3SEL2                     
0000c5ca  ReadSample                 
0000c86a  SPISendByte                
00000172  TA0CCR0                    
00000174  TA0CCR1                    
00000176  TA0CCR2                    
00000162  TA0CCTL0                   
00000164  TA0CCTL1                   
00000166  TA0CCTL2                   
00000160  TA0CTL                     
0000012e  TA0IV                      
00000170  TA0R                       
00000192  TA1CCR0                    
00000194  TA1CCR1                    
00000196  TA1CCR2                    
00000182  TA1CCTL0                   
00000184  TA1CCTL1                   
00000186  TA1CCTL2                   
00000180  TA1CTL                     
0000011e  TA1IV                      
00000190  TA1R                       
000010db  TLV_ADC10_1_LEN            
000010da  TLV_ADC10_1_TAG            
000010c0  TLV_CHECKSUM               
000010f7  TLV_DCO_30_LEN             
000010f6  TLV_DCO_30_TAG             
0000c89e  TimerA0_routine            
0000005d  UCA0ABCTL                  
00000062  UCA0BR0                    
00000063  UCA0BR1                    
00000060  UCA0CTL0                   
00000061  UCA0CTL1                   
0000005f  UCA0IRRCTL                 
0000005e  UCA0IRTCTL                 
00000064  UCA0MCTL                   
00000066  UCA0RXBUF                  
00000065  UCA0STAT                   
00000067  UCA0TXBUF                  
0000006a  UCB0BR0                    
0000006b  UCB0BR1                    
00000068  UCB0CTL0                   
00000069  UCB0CTL1                   
0000006c  UCB0I2CIE                  
00000118  UCB0I2COA                  
0000011a  UCB0I2CSA                  
0000006e  UCB0RXBUF                  
0000006d  UCB0STAT                   
0000006f  UCB0TXBUF                  
0000c000  UpdateLEDs                 
00000120  WDTCTL                     
00000400  __STACK_END                
00000050  __STACK_SIZE               
0000ca20  __TI_CINIT_Base            
0000ca24  __TI_CINIT_Limit           
0000ca1e  __TI_Handler_Table_Base    
0000ca20  __TI_Handler_Table_Limit   
UNDEFED   __TI_INITARRAY_Base        
UNDEFED   __TI_INITARRAY_Limit       
0000c9cc  __TI_ISR_TRAP              
0000ffe0  __TI_int00                 
0000ffe4  __TI_int02                 
0000ffe6  __TI_int03                 
0000ffea  __TI_int05                 
0000ffec  __TI_int06                 
0000ffee  __TI_int07                 
0000fff0  __TI_int08                 
0000fff2  __TI_int09                 
0000fff4  __TI_int10                 
0000fff6  __TI_int11                 
0000fff8  __TI_int12                 
0000fffa  __TI_int13                 
0000fffc  __TI_int14                 
0000c934  __TI_zero_init             
ffffffff  __binit__                  
ffffffff  __c_args__                 
0000c99e  __mspabi_func_epilog_1     
0000c99c  __mspabi_func_epilog_2     
0000c99a  __mspabi_func_epilog_3     
0000c998  __mspabi_func_epilog_4     
0000c996  __mspabi_func_epilog_5     
0000c994  __mspabi_func_epilog_6     
0000c992  __mspabi_func_epilog_7     
0000c95c  __mspabi_mpyi              
0000c95c  __mspabi_mpyi_sw           
0000c982  __mspabi_sral              
0000c864  __mspabi_sral_1            
0000c840  __mspabi_sral_10           
0000c83c  __mspabi_sral_11           
0000c838  __mspabi_sral_12           
0000c834  __mspabi_sral_13           
0000c830  __mspabi_sral_14           
0000c82c  __mspabi_sral_15           
0000c860  __mspabi_sral_2            
0000c85c  __mspabi_sral_3            
0000c858  __mspabi_sral_4            
0000c854  __mspabi_sral_5            
0000c850  __mspabi_sral_6            
0000c84c  __mspabi_sral_7            
0000c848  __mspabi_sral_8            
0000c844  __mspabi_sral_9            
0000c796  __mspabi_srli              
0000c7dc  __mspabi_srli_1            
0000c7b8  __mspabi_srli_10           
0000c7b4  __mspabi_srli_11           
0000c7b0  __mspabi_srli_12           
0000c7ac  __mspabi_srli_13           
0000c7a8  __mspabi_srli_14           
0000c7a4  __mspabi_srli_15           
0000c7d8  __mspabi_srli_2            
0000c7d4  __mspabi_srli_3            
0000c7d0  __mspabi_srli_4            
0000c7cc  __mspabi_srli_5            
0000c7c8  __mspabi_srli_6            
0000c7c4  __mspabi_srli_7            
0000c7c0  __mspabi_srli_8            
0000c7bc  __mspabi_srli_9            
0000c73e  _auto_init                 
0000c8da  _c_int00_noargs_noexit     
0000fffe  _reset_vector              
000003b0  _stack                     
0000c9d2  _system_pre_init           
0000c9d6  abort                      
00000238  averages                   
ffffffff  binit                      
00000200  buffer                     
00000252  bufferCount                
0000023e  bufferTotal                
0000c9da  cordic_ctab_degrees        
00000253  g1msTimeout                
00000254  g1msTimer                  
00000230  gPushButton                
00000255  high                       
00000256  highThreshold              
00000257  low                        
00000258  lowThreshold               
0000c388  main                       
0000c948  memset                     
00000259  mid                        
0000025a  midThreshold               
00000244  origin                     
0000024a  phi                        
0000024e  theta                      


GLOBAL SYMBOLS: SORTED BY Symbol Address 

address   name                       
-------   ----                       
00000000  IE1                        
00000001  IE2                        
00000002  IFG1                       
00000003  IFG2                       
00000010  P3REN                      
00000018  P3IN                       
00000019  P3OUT                      
0000001a  P3DIR                      
0000001b  P3SEL                      
00000020  P1IN                       
00000021  P1OUT                      
00000022  P1DIR                      
00000023  P1IFG                      
00000024  P1IES                      
00000025  P1IE                       
00000026  P1SEL                      
00000027  P1REN                      
00000028  P2IN                       
00000029  P2OUT                      
0000002a  P2DIR                      
0000002b  P2IFG                      
0000002c  P2IES                      
0000002d  P2IE                       
0000002e  P2SEL                      
0000002f  P2REN                      
00000041  P1SEL2                     
00000042  P2SEL2                     
00000043  P3SEL2                     
00000048  ADC10DTC0                  
00000049  ADC10DTC1                  
0000004a  ADC10AE0                   
00000050  __STACK_SIZE               
00000053  BCSCTL3                    
00000056  DCOCTL                     
00000057  BCSCTL1                    
00000058  BCSCTL2                    
00000059  CACTL1                     
0000005a  CACTL2                     
0000005b  CAPD                       
0000005d  UCA0ABCTL                  
0000005e  UCA0IRTCTL                 
0000005f  UCA0IRRCTL                 
00000060  UCA0CTL0                   
00000061  UCA0CTL1                   
00000062  UCA0BR0                    
00000063  UCA0BR1                    
00000064  UCA0MCTL                   
00000065  UCA0STAT                   
00000066  UCA0RXBUF                  
00000067  UCA0TXBUF                  
00000068  UCB0CTL0                   
00000069  UCB0CTL1                   
0000006a  UCB0BR0                    
0000006b  UCB0BR1                    
0000006c  UCB0I2CIE                  
0000006d  UCB0STAT                   
0000006e  UCB0RXBUF                  
0000006f  UCB0TXBUF                  
00000118  UCB0I2COA                  
0000011a  UCB0I2CSA                  
0000011e  TA1IV                      
00000120  WDTCTL                     
00000128  FCTL1                      
0000012a  FCTL2                      
0000012c  FCTL3                      
0000012e  TA0IV                      
00000160  TA0CTL                     
00000162  TA0CCTL0                   
00000164  TA0CCTL1                   
00000166  TA0CCTL2                   
00000170  TA0R                       
00000172  TA0CCR0                    
00000174  TA0CCR1                    
00000176  TA0CCR2                    
00000180  TA1CTL                     
00000182  TA1CCTL0                   
00000184  TA1CCTL1                   
00000186  TA1CCTL2                   
00000190  TA1R                       
00000192  TA1CCR0                    
00000194  TA1CCR1                    
00000196  TA1CCR2                    
000001b0  ADC10CTL0                  
000001b2  ADC10CTL1                  
000001b4  ADC10MEM                   
000001bc  ADC10SA                    
00000200  buffer                     
00000230  gPushButton                
00000238  averages                   
0000023e  bufferTotal                
00000244  origin                     
0000024a  phi                        
0000024e  theta                      
00000252  bufferCount                
00000253  g1msTimeout                
00000254  g1msTimer                  
00000255  high                       
00000256  highThreshold              
00000257  low                        
00000258  lowThreshold               
00000259  mid                        
0000025a  midThreshold               
000003b0  _stack                     
00000400  __STACK_END                
000010c0  TLV_CHECKSUM               
000010da  TLV_ADC10_1_TAG            
000010db  TLV_ADC10_1_LEN            
000010f6  TLV_DCO_30_TAG             
000010f7  TLV_DCO_30_LEN             
000010f8  CALDCO_16MHZ               
000010f9  CALBC1_16MHZ               
000010fa  CALDCO_12MHZ               
000010fb  CALBC1_12MHZ               
000010fc  CALDCO_8MHZ                
000010fd  CALBC1_8MHZ                
000010fe  CALDCO_1MHZ                
000010ff  CALBC1_1MHZ                
0000c000  UpdateLEDs                 
0000c1dc  Cordic                     
0000c388  main                       
0000c514  Debouncer                  
0000c5ca  ReadSample                 
0000c67a  InitializeBuffer           
0000c6e4  ManageSoftwareTimers       
0000c73e  _auto_init                 
0000c796  __mspabi_srli              
0000c7a4  __mspabi_srli_15           
0000c7a8  __mspabi_srli_14           
0000c7ac  __mspabi_srli_13           
0000c7b0  __mspabi_srli_12           
0000c7b4  __mspabi_srli_11           
0000c7b8  __mspabi_srli_10           
0000c7bc  __mspabi_srli_9            
0000c7c0  __mspabi_srli_8            
0000c7c4  __mspabi_srli_7            
0000c7c8  __mspabi_srli_6            
0000c7cc  __mspabi_srli_5            
0000c7d0  __mspabi_srli_4            
0000c7d4  __mspabi_srli_3            
0000c7d8  __mspabi_srli_2            
0000c7dc  __mspabi_srli_1            
0000c7e2  ConfigureTimerA            
0000c82c  __mspabi_sral_15           
0000c830  __mspabi_sral_14           
0000c834  __mspabi_sral_13           
0000c838  __mspabi_sral_12           
0000c83c  __mspabi_sral_11           
0000c840  __mspabi_sral_10           
0000c844  __mspabi_sral_9            
0000c848  __mspabi_sral_8            
0000c84c  __mspabi_sral_7            
0000c850  __mspabi_sral_6            
0000c854  __mspabi_sral_5            
0000c858  __mspabi_sral_4            
0000c85c  __mspabi_sral_3            
0000c860  __mspabi_sral_2            
0000c864  __mspabi_sral_1            
0000c86a  SPISendByte                
0000c89e  TimerA0_routine            
0000c8c0  ConfigureSPIPins           
0000c8da  _c_int00_noargs_noexit     
0000c8f4  ConfigureLEDDisplayPins    
0000c90a  InitializeSwitch           
0000c920  ConfigureADC               
0000c934  __TI_zero_init             
0000c948  memset                     
0000c95c  __mspabi_mpyi              
0000c95c  __mspabi_mpyi_sw           
0000c970  ConfigureADCDataTransfer   
0000c982  __mspabi_sral              
0000c992  __mspabi_func_epilog_7     
0000c994  __mspabi_func_epilog_6     
0000c996  __mspabi_func_epilog_5     
0000c998  __mspabi_func_epilog_4     
0000c99a  __mspabi_func_epilog_3     
0000c99c  __mspabi_func_epilog_2     
0000c99e  __mspabi_func_epilog_1     
0000c9a2  ConfigureClockModule       
0000c9b0  DisplayLED                 
0000c9be  InitializePushButtonPortPin
0000c9cc  __TI_ISR_TRAP              
0000c9d2  _system_pre_init           
0000c9d6  C$$EXIT                    
0000c9d6  abort                      
0000c9da  cordic_ctab_degrees        
0000ca1e  __TI_Handler_Table_Base    
0000ca20  __TI_CINIT_Base            
0000ca20  __TI_Handler_Table_Limit   
0000ca24  __TI_CINIT_Limit           
0000ffe0  __TI_int00                 
0000ffe4  __TI_int02                 
0000ffe6  __TI_int03                 
0000ffea  __TI_int05                 
0000ffec  __TI_int06                 
0000ffee  __TI_int07                 
0000fff0  __TI_int08                 
0000fff2  __TI_int09                 
0000fff4  __TI_int10                 
0000fff6  __TI_int11                 
0000fff8  __TI_int12                 
0000fffa  __TI_int13                 
0000fffc  __TI_int14                 
0000fffe  _reset_vector              
ffffffff  __binit__                  
ffffffff  __c_args__                 
ffffffff  binit                      
UNDEFED   __TI_INITARRAY_Base        
UNDEFED   __TI_INITARRAY_Limit       

[208 symbols]
